npm warn Unknown env config "http-proxy". This will stop working in the next major version of npm.

> when-fold@0.1.0 check
> npm run build && npm test && node scripts/check.mjs

npm warn Unknown env config "http-proxy". This will stop working in the next major version of npm.

> when-fold@0.1.0 build
> node scripts/build.mjs

Built standalone dist/index.html (81441 bytes)
npm warn Unknown env config "http-proxy". This will stop working in the next major version of npm.

> when-fold@0.1.0 test
> node --test tests/*.test.mjs

✔ fixture default preserves imported bottom-to-top winner across 12 contexts (4.726763ms)
✔ explicit Python priority changes exactly one context and retains args (0.881456ms)
✔ opposite language conditions share key but are disjoint (0.56029ms)
✔ shadowed and unconditional rules are retained with false guard (1.848539ms)
✔ same command different args counts as behavior change (0.393353ms)
✔ same command equivalent args with different property order is unchanged (0.299804ms)
✔ absent args and explicit null args remain distinct (0.332733ms)
✔ parse JSONC comments and trailing comma without touching string content (0.480402ms)
✔ strict JSON rejects "{\"a\":1,\"a\":2}" (0.471639ms)
✔ strict JSON rejects "{\"nested\":{\"x\":1,\"x\":2}}" (0.281697ms)
✔ strict JSON rejects "[1,]" (0.099838ms)
✔ strict JSON rejects "{\"a\":1,}" (0.170182ms)
✔ strict JSON rejects "{\"a\":1}x" (0.112878ms)
✔ strict JSON rejects "{\"a\":NaN}" (0.117724ms)
✔ strict JSON rejects "{\"a\":1e999}" (0.073379ms)
✔ strict JSON rejects "{\"x\":\"\\ud800\"}" (0.111785ms)
✔ strict JSON rejects "{\"x\":\"\\udc00\"}" (0.120138ms)
✔ strict JSON rejects "{\"x\":\"\\ud800A\"}" (0.062412ms)
✔ strict JSON rejects " {}" (3.402612ms)
✔ strict JSON rejects "{\"x\":01}" (0.112647ms)
✔ JSONC rejects "/* no end" (0.120459ms)
✔ JSONC rejects "[/*x*/1,,]" (0.106468ms)
✔ JSONC rejects "//only" (0.069733ms)
✔ JSONC rejects "[{\"key\":\"a\",\"key\":\"b\"}]" (0.048052ms)
✔ JSON supports own __proto__ as inert preserved argument data (0.920964ms)
✔ condition semantics: a || b && !a {"a":true,"b":false} (0.150843ms)
✔ condition semantics: !(a || b) {} (0.112036ms)
✔ condition semantics: a == false {} (0.081501ms)
✔ condition semantics: a != false {} (0.101741ms)
✔ condition semantics: a == true {} (0.041161ms)
✔ condition semantics: a != true {} (0.049844ms)
✔ condition semantics: lang == 'false' {"lang":"false"} (0.115211ms)
✔ condition semantics: lang == 'hello world' {"lang":"hello world"} (0.059828ms)
✔ condition semantics: lang != python {} (0.066949ms)
✔ condition semantics: lang == python {} (0.061972ms)
✔ condition semantics: true {} (0.038477ms)
✔ condition semantics: false {} (0.075723ms)
✔ condition semantics: !(!a) {"a":true} (0.052367ms)
✔ unsupported when is rejected: "" (0.076504ms)
✔ unsupported when is rejected: "!!a" (0.071015ms)
✔ unsupported when is rejected: "!a == true" (0.045348ms)
✔ unsupported when is rejected: "lang == /python/" (0.036744ms)
✔ unsupported when is rejected: "lang == not" (0.061882ms)
✔ unsupported when is rejected: "a === true" (0.048813ms)
✔ unsupported when is rejected: "a !== false" (0.04029ms)
✔ unsupported when is rejected: "a =~ /x/" (0.055092ms)
✔ unsupported when is rejected: "a in b" (0.050185ms)
✔ unsupported when is rejected: "a not in b" (0.058797ms)
✔ unsupported when is rejected: "a > 1" (0.050265ms)
✔ unsupported when is rejected: "a < 2" (0.042493ms)
✔ unsupported when is rejected: "a & b" (0.067219ms)
✔ unsupported when is rejected: "a | b" (0.035813ms)
✔ unsupported when is rejected: "a ? b : a" (0.028201ms)
✔ unsupported when is rejected: "unknown" (0.029543ms)
✔ unsupported when is rejected: "lang" (0.029123ms)
✔ unsupported when is rejected: "a == python" (0.044075ms)
✔ unsupported when is rejected: "a == 'true'" (0.06736ms)
✔ unsupported when is rejected: "lang == false" (0.052577ms)
✔ unsupported when is rejected: "lang == \"python\"" (0.036864ms)
✔ unsupported when is rejected: "lang == 'can\\'t'" (0.041361ms)
✔ unsupported when is rejected: "a &&" (0.049373ms)
✔ unsupported when is rejected: "(a" (0.033339ms)
✔ unsupported when is rejected: "a)" (0.047491ms)
✔ unsupported when is rejected: "a b" (0.137794ms)
✔ unsupported when is rejected: "a ==" (0.053629ms)
✔ unsupported when is rejected: "a == true == true" (0.053189ms)
✔ unsupported when is rejected: "/x/" (0.061021ms)
✔ unsupported when is rejected: "a;alert(1)" (0.044816ms)
✔ unsupported when is rejected: "lang == 'newline\nvalue'" (0.138916ms)
✔ reject unsupported key Ctrl+k (0.096252ms)
✔ reject unsupported key control+k (0.08785ms)
✔ reject unsupported key cmd+k (0.056384ms)
✔ reject unsupported key ctrl+k ctrl+c (0.031036ms)
✔ reject unsupported key ctrl++k (0.031156ms)
✔ reject unsupported key ctrl+ctrl+k (0.029834ms)
✔ reject unsupported key ctrl+[KeyK] (0.052247ms)
✔ reject unsupported key ctrl+; (0.054231ms)
✔ reject unsupported key ctrl+f20 (0.115731ms)
✔ reject unsupported key ctrl+return (0.06046ms)
✔ reject unsupported key ctrl+esc (0.059899ms)
✔ reject unsupported key ctrl+option+k (0.04036ms)
✔ reject unsupported key alt+win+k (0.036434ms)
✔ same-platform modifier order canonicalized without cross-platform guessing (0.069152ms)
✔ project rejects version (0.149732ms)
✔ project rejects platform (0.09469ms)
✔ project rejects unknown project field (0.099818ms)
✔ project rejects unknown source field (0.189181ms)
✔ project rejects unknown rule field (0.184833ms)
✔ project rejects unknown model field (0.143543ms)
✔ project rejects removal (0.152255ms)
✔ project rejects empty command (0.145195ms)
✔ project rejects command controls (0.205905ms)
✔ project rejects empty source (0.200467ms)
✔ project rejects missing source (0.10089ms)
✔ project rejects numeric model (0.132196ms)
✔ project rejects mismatched type (0.225203ms)
✔ project rejects duplicate values (0.208919ms)
✔ project rejects empty values (0.275508ms)
✔ project rejects constant key (0.234577ms)
✔ project rejects reserved key (0.160467ms)
✔ project rejects lone surrogate (0.139697ms)
✔ project rejects 100 rule limit (1.240498ms)
✔ project rejects 4096 context limit (0.232925ms)
✔ reject priority null (0.201598ms)
✔ reject priority [] (0.178284ms)
✔ reject priority {"ctrl+q":[]} (0.204212ms)
✔ reject priority {"ctrl+alt+k":["s1:r1"]} (0.164563ms)
✔ reject priority {"ctrl+alt+k":["s1:r1","s1:r1","s2:r1"]} (0.243791ms)
✔ reject priority {"ctrl+alt+k":["s1:r1","s1:r2","s9:r9"]} (0.167157ms)
✔ 100 rules supported with one context and default fallback (7.823191ms)
✔ 4096 contexts supported at declared limit (22.661876ms)
✔ parenthesis depth is bounded (0.322448ms)
✔ when length is bounded (0.105997ms)
✔ JSON byte limit is enforced for UTF8 (3.708355ms)
✔ JSON args are data; HTML escaping and CSV injection protection (0.566449ms)
✔ repeated analysis/export is deterministic and does not mutate project (3.309133ms)
✔ ZIP rejects traversal filenames (0.100529ms)
✔ source map covers all exports and identifies priorities (0.407534ms)
✔ bounded consumer normalization rejects compact exponential expressions (0.448354ms)
✔ reject upstream bubbling prefix ^demo.foo (0.124625ms)
✔ reject upstream bubbling prefix ^ (0.063204ms)
✔ reject upstream bubbling prefix ^-demo.foo (0.051767ms)
✔ reject whitespace outside pinned VS Code scanner "\u000b" (0.089513ms)
✔ reject whitespace outside pinned VS Code scanner "\f" (0.124425ms)
✔ reject whitespace outside pinned VS Code scanner " " (0.183662ms)
✔ reject whitespace outside pinned VS Code scanner "﻿" (0.069953ms)
✔ reject JSON negative zero -0 (0.102982ms)
✔ reject JSON negative zero -0.0 (0.043785ms)
✔ reject JSON negative zero -0e4 (0.035432ms)
✔ reject JSON negative zero -1e-9999 (0.034731ms)
✔ reject JSON negative zero {"args":{"x":[-0]}} (0.042934ms)
✔ programmatic nested negative-zero args cannot silently normalize (0.140659ms)
✔ pinned upstream handles omitted boolean and string context keys (3.423432ms)
✔ quoted boolean-like strings retain their type and literal backslash (1.866796ms)
✔ pinned resolver checks last matching precedence, fall-through and args (3.920869ms)
✔ same-key guarded fixture changes exactly one of 12 typed contexts (2.414837ms)
✔ actual exports agree upstream across absent booleans, negation and typed literals (104.416283ms)
✔ actual exports preserve null/absent/array args, same command identity, and complete shadowing (8.284685ms)
✔ disjoint language rules and reversed exported order resolve identically upstream (6.741318ms)
✔ actual exports use three platform-specific canonical modifiers (15.80714ms)
✔ oracle rejects altered exported args, missing context, and overlapping guards (14.53164ms)
✔ unsupported ambiguous syntax fails before export, including upstream operator traps (1.601563ms)
✔ seeded generated real artifacts agree with upstream over 5,184 modeled resolutions (326.02187ms)
✔ oracle audits default fixture preservation as well as chosen fixture change (8.462958ms)
✔ oracle independently detects forged priority despite internally consistent export/scenarios (5.050233ms)
✔ upstream caret command changes dispatch semantics and v1 rejects bubbling inputs (0.421916ms)
ℹ tests 146
ℹ suites 0
ℹ pass 146
ℹ fail 0
ℹ cancelled 0
ℹ skipped 0
ℹ todo 0
ℹ duration_ms 653.708089
{"contextCount":12,"ruleCount":3,"groupCount":1,"overlapCount":3,"changedCount":1,"shadowedCount":0}
Independent Python ZIP/JSON/CSV structure: passed
Standalone bundle syntax, zero runtime network dependencies, fixture and ZIP structure passed
